// Vitest Snapshot v1, https://vitest.dev/guide/snapshot.html

exports[`LivestreamRecords 组件测试 > 应该正确渲染组件结构 1`] = `
<page>
  <view
    class="records-section"
  >
    <view
      class="section-header"
    >
      <wrapper>
        <view
          class="icon section-icon"
          data-name="livestream"
          data-size="20"
        >
          livestream
        </view>
      </wrapper>
      <text
        class="section-title"
      >
        最近直播
      </text>
    </view>
    <scroll-view
      class="records-scroll"
      scroll-bar-enable="true"
      scroll-orientation="vertical"
    >
      <view
        class="records-list"
      >
        <view
          class="record-item"
        >
          <view
            class="record-card "
          >
            <view
              class="record-main"
            >
              <view
                class="record-info"
              >
                <text
                  class="record-title"
                >
                  测试直播1
                </text>
                <view
                  class="record-meta"
                >
                  <text
                    class="record-date"
                  >
                    2024/12/29
                  </text>
                  <text
                    class="record-duration"
                  >
                    2h 30m
                  </text>
                  <text
                    class="record-revenue"
                  >
                    ¥
                    <wrapper>
                      15,680.50
                    </wrapper>
                  </text>
                </view>
                <wrapper>
                  <view
                    class="record-stats"
                  >
                    <text
                      class="stats-item"
                    >
                      观看: 
                      <wrapper>
                        1,250
                      </wrapper>
                      人
                    </text>
                    <wrapper>
                      <text
                        class="stats-item"
                      >
                        峰值: 
                        <wrapper>
                          1,580
                        </wrapper>
                        人
                      </text>
                    </wrapper>
                  </view>
                </wrapper>
              </view>
              <view
                class="record-status"
              >
                <view
                  class="status-indicator"
                >
                  <view
                    class="status-dot status-completed"
                  />
                  <text
                    class="status-text"
                  >
                    已完成
                  </text>
                </view>
                <wrapper>
                  <view
                    class="icon expand-icon"
                    data-name="dropdown"
                    data-size="16"
                  >
                    dropdown
                  </view>
                </wrapper>
              </view>
            </view>
          </view>
          <wrapper />
        </view>
        <view
          class="record-item"
        >
          <view
            class="record-card "
          >
            <view
              class="record-main"
            >
              <view
                class="record-info"
              >
                <text
                  class="record-title"
                >
                  测试直播2
                </text>
                <view
                  class="record-meta"
                >
                  <text
                    class="record-date"
                  >
                    2024/12/26
                  </text>
                  <text
                    class="record-duration"
                  >
                    1h 45m
                  </text>
                  <text
                    class="record-revenue"
                  >
                    ¥
                    <wrapper>
                      8,920.30
                    </wrapper>
                  </text>
                </view>
                <wrapper>
                  <view
                    class="record-stats"
                  >
                    <text
                      class="stats-item"
                    >
                      观看: 
                      <wrapper>
                        890
                      </wrapper>
                      人
                    </text>
                    <wrapper>
                      <text
                        class="stats-item"
                      >
                        峰值: 
                        <wrapper>
                          1,120
                        </wrapper>
                        人
                      </text>
                    </wrapper>
                  </view>
                </wrapper>
              </view>
              <view
                class="record-status"
              >
                <view
                  class="status-indicator"
                >
                  <view
                    class="status-dot status-live"
                  />
                  <text
                    class="status-text"
                  >
                    直播中
                  </text>
                </view>
                <wrapper>
                  <view
                    class="icon expand-icon"
                    data-name="dropdown"
                    data-size="16"
                  >
                    dropdown
                  </view>
                </wrapper>
              </view>
            </view>
          </view>
          <wrapper />
        </view>
      </view>
    </scroll-view>
  </view>
</page>
`;
